// Vitest Snapshot v1, https://vitest.dev/guide/snapshot.html

exports[`renders without crashing 1`] = `
<DocumentFragment>
  <div
    class=" async-image-wrapper"
  >
    <div
      class=" async-image-placeholder"
      data-testid="async-image-loading-wrapper"
      style="opacity: 0;"
    >
      <span
        aria-busy="true"
        aria-live="polite"
        data-testid="async-image-default-loading"
      >
        <span
          class="react-loading-skeleton"
          style="height: 100%;"
        >
          â€Œ
        </span>
        <br />
      </span>
    </div>
    <img
      alt=""
      class=" async-image"
      src=""
      style="opacity: 0;"
    />
  </div>
</DocumentFragment>
`;
